[html.themeori.net/barbex/index04b9.html]
[backblue.gif]
[fade.gif]
[index.html]
[html.themeori.net/barbex/assets/img/favicon.png]
[html.themeori.net/barbex/assets/css/bootstrap.min.css]
[html.themeori.net/barbex/assets/css/animate.css]
[html.themeori.net/barbex/assets/css/all.css]
[html.themeori.net/barbex/assets/css/swiper-bundle.min.css]
[html.themeori.net/barbex/assets/css/magnific-popup.css]
[html.themeori.net/barbex/assets/css/meanmenu.min.css]
[html.themeori.net/barbex/assets/sass/style.css]
[html.themeori.net/barbex/index.html]
[html.themeori.net/barbex/assets/img/logo.png]
[html.themeori.net/barbex/index-2.html]
[html.themeori.net/barbex/index-3.html]
[html.themeori.net/barbex/about.html]
[html.themeori.net/barbex/price.html]
[html.themeori.net/barbex/team.html]
[html.themeori.net/barbex/services.html]
[html.themeori.net/barbex/services-details.html]
[html.themeori.net/barbex/product-page.html]
[html.themeori.net/barbex/product-details.html]
[html.themeori.net/barbex/cart.html]
[html.themeori.net/barbex/checkout.html]
[html.themeori.net/barbex/blog-grid.html]
[html.themeori.net/barbex/blog-standard.html]
[html.themeori.net/barbex/blog-details.html]
[html.themeori.net/barbex/contact.html]
[html.themeori.net/barbex/assets/img/bg/banner-bg-1.jpg]
[html.themeori.net/barbex/assets/img/bg/banner-1.png]
[html.themeori.net/barbex/assets/img/bg/banner-bg-2.jpg]
[html.themeori.net/barbex/assets/img/bg/banner-2.png]
[html.themeori.net/barbex/assets/img/about/about-1.jpg]
[html.themeori.net/barbex/assets/img/about/about-2.jpg]
[html.themeori.net/barbex/assets/img/about/about-3.jpg]
[html.themeori.net/barbex/assets/img/shape/about.png]
[html.themeori.net/barbex/assets/img/shape/services.png]
[html.themeori.net/barbex/assets/img/icon/services-1.png]
[html.themeori.net/barbex/assets/img/icon/services-7.png]
[html.themeori.net/barbex/assets/img/icon/services-2.png]
[html.themeori.net/barbex/assets/img/icon/services-8.png]
[html.themeori.net/barbex/assets/img/icon/services-3.png]
[html.themeori.net/barbex/assets/img/icon/services-9.png]
[html.themeori.net/barbex/assets/img/icon/services-4.png]
[html.themeori.net/barbex/assets/img/icon/services-10.png]
[html.themeori.net/barbex/assets/img/icon/services-5.png]
[html.themeori.net/barbex/assets/img/icon/services-11.png]
[html.themeori.net/barbex/assets/img/icon/services-6.png]
[html.themeori.net/barbex/assets/img/icon/services-12.png]
[html.themeori.net/barbex/assets/img/features/services-1.jpg]
[html.themeori.net/barbex/assets/img/features/services-2.jpg]
[html.themeori.net/barbex/assets/img/features/services-3.jpg]
[html.themeori.net/barbex/assets/img/features/services-4.jpg]
[html.themeori.net/barbex/assets/img/features/services-5.jpg]
[html.themeori.net/barbex/assets/img/features/services-6.jpg]
[html.themeori.net/barbex/assets/img/bg/booking.jpg]
[html.themeori.net/barbex/assets/img/products/products-1.jpg]
[html.themeori.net/barbex/assets/img/products/products-2.jpg]
[html.themeori.net/barbex/assets/img/products/products-3.jpg]
[html.themeori.net/barbex/assets/img/products/products-4.jpg]
[html.themeori.net/barbex/assets/img/working-2.jpg]
[html.themeori.net/barbex/assets/img/working.jpg]
[html.themeori.net/barbex/assets/img/shape/testimonial.png]
[html.themeori.net/barbex/assets/img/avatar/testimonial-1.jpg]
[html.themeori.net/barbex/assets/img/icon/quote.png]
[html.themeori.net/barbex/assets/img/avatar/testimonial-2.jpg]
[html.themeori.net/barbex/assets/img/blog/blog-1.jpg]
[html.themeori.net/barbex/assets/img/blog/blog-2.jpg]
[html.themeori.net/barbex/assets/img/blog/blog-3.jpg]
[html.themeori.net/barbex/assets/img/features/instagram-1.jpg]
[html.themeori.net/barbex/assets/img/features/instagram-2.jpg]
[html.themeori.net/barbex/assets/img/features/instagram-3.jpg]
[html.themeori.net/barbex/assets/img/features/instagram-4.jpg]
[html.themeori.net/barbex/assets/img/features/instagram-5.jpg]
[html.themeori.net/barbex/assets/img/features/instagram-6.jpg]
[html.themeori.net/barbex/assets/img/shape/foorer.png]
[html.themeori.net/barbex/assets/js/jquery-3.6.0.min.js]
[html.themeori.net/barbex/assets/js/bootstrap.min.js]
[html.themeori.net/barbex/assets/js/jquery.counterup.min.js]
[html.themeori.net/barbex/assets/js/popper.min.js]
[html.themeori.net/barbex/assets/js/jquery.magnific-popup.min.js]
[html.themeori.net/barbex/assets/js/swiper-bundle.min.js]
[html.themeori.net/barbex/assets/js/jquery.waypoints.min.js]
[html.themeori.net/barbex/assets/js/jquery.meanmenu.min.js]
[html.themeori.net/barbex/index04b9.html]
[html.themeori.net/barbex/assets/css/bootstrap.min.css]
[html.themeori.net/barbex/assets/js/custom.js]
[html.themeori.net/barbex/assets/webfonts/fa-brands-400.eot]
[html.themeori.net/barbex/assets/webfonts/fa-brands-400d41d.eot]
[html.themeori.net/barbex/assets/webfonts/fa-brands-400.woff2]
[html.themeori.net/barbex/assets/webfonts/fa-brands-400.woff]
[html.themeori.net/barbex/assets/webfonts/fa-brands-400.ttf]
[html.themeori.net/barbex/assets/webfonts/fa-brands-400.svg]
[html.themeori.net/barbex/assets/webfonts/fa-duotone-900.eot]
[html.themeori.net/barbex/assets/webfonts/fa-duotone-900d41d.eot]
[html.themeori.net/barbex/assets/webfonts/fa-duotone-900.woff2]
[html.themeori.net/barbex/assets/webfonts/fa-duotone-900.woff]
[html.themeori.net/barbex/assets/webfonts/fa-duotone-900.ttf]
[html.themeori.net/barbex/assets/webfonts/fa-duotone-900.5d.delayed]
[html.themeori.net/barbex/assets/webfonts/fa-light-300.woff2]
[html.themeori.net/barbex/assets/webfonts/fa-light-300.woff]
[html.themeori.net/barbex/assets/webfonts/fa-light-300.eot]
[html.themeori.net/barbex/assets/webfonts/fa-light-300d41d.eot]
[html.themeori.net/barbex/assets/webfonts/fa-light-300.svg]
[html.themeori.net/barbex/assets/webfonts/fa-light-300.ttf]
[html.themeori.net/barbex/assets/webfonts/fa-regular-400.woff2]
[html.themeori.net/barbex/assets/webfonts/fa-regular-400.eot]
[html.themeori.net/barbex/assets/webfonts/fa-regular-400.woff]
[html.themeori.net/barbex/assets/webfonts/fa-regular-400d41d.eot]
[html.themeori.net/barbex/assets/webfonts/fa-regular-400.svg]
[html.themeori.net/barbex/assets/webfonts/fa-regular-400.ttf]
[html.themeori.net/barbex/assets/webfonts/fa-solid-900.eot]
[html.themeori.net/barbex/assets/webfonts/fa-solid-900.woff2]
[html.themeori.net/barbex/assets/webfonts/fa-solid-900d41d.eot]
[html.themeori.net/barbex/assets/webfonts/fa-solid-900.woff]
[html.themeori.net/barbex/assets/webfonts/fa-solid-900.svg]
[html.themeori.net/barbex/assets/css/all.css]
[html.themeori.net/barbex/assets/css/animate.css]
[html.themeori.net/barbex/assets/css/swiper-bundle.min.css]
[html.themeori.net/barbex/assets/css/magnific-popup.css]
[html.themeori.net/barbex/assets/css/meanmenu.min.css]
[html.themeori.net/barbex/assets/sass/style.css]
[html.themeori.net/barbex/index.html]
[html.themeori.net/barbex/assets/webfonts/fa-solid-900.ttf]
[html.themeori.net/barbex/assets/img/logo-2.png]
[html.themeori.net/barbex/assets/img/bar.jpg]
[html.themeori.net/barbex/assets/img/bg/banner.jpg]
[html.themeori.net/barbex/assets/img/banner.png]
[html.themeori.net/barbex/assets/img/shape/about-1.png]
[html.themeori.net/barbex/assets/img/about/about-4.jpg]
[html.themeori.net/barbex/assets/img/about/about-5.jpg]
[html.themeori.net/barbex/assets/img/services.jpg]
[html.themeori.net/barbex/assets/img/shape/hours.png]
[html.themeori.net/barbex/assets/img/calendar.jpg]
[html.themeori.net/barbex/assets/img/team-1.jpg]
[html.themeori.net/barbex/assets/img/team-2.jpg]
[html.themeori.net/barbex/assets/img/team-3.jpg]
[html.themeori.net/barbex/assets/img/team-4.jpg]
[html.themeori.net/barbex/assets/img/testimonial.jpg]
[html.themeori.net/barbex/assets/img/avatar/testimonial-3.jpg]
[html.themeori.net/barbex/assets/img/avatar/testimonial-4.jpg]
[html.themeori.net/barbex/assets/img/avatar/testimonial-5.jpg]
[html.themeori.net/barbex/assets/img/avatar/testimonial-6.jpg]
[html.themeori.net/barbex/assets/img/blog/blog-4.jpg]
[html.themeori.net/barbex/assets/img/blog/blog-5.jpg]
[html.themeori.net/barbex/assets/img/blog/blog-6.jpg]
[html.themeori.net/barbex/assets/img/icon/1.png]
[html.themeori.net/barbex/assets/img/icon/2.png]
[html.themeori.net/barbex/assets/img/icon/3.png]
[html.themeori.net/barbex/assets/img/icon/4.png]
[html.themeori.net/barbex/assets/img/icon/5.png]
[html.themeori.net/barbex/assets/img/icon/6.png]
[html.themeori.net/barbex/assets/img/icon/7.png]
[html.themeori.net/barbex/assets/img/icon/8.png]
[html.themeori.net/barbex/index-2.html]
[html.themeori.net/barbex/assets/img/bg/banner-bg-3.jpg]
[html.themeori.net/barbex/assets/img/bg/banner-3.png]
[html.themeori.net/barbex/assets/img/about/about-7.jpg]
[html.themeori.net/barbex/assets/img/icon/9.png]
[html.themeori.net/barbex/assets/img/features/gallery-1.jpg]
[html.themeori.net/barbex/assets/img/features/gallery-2.jpg]
[html.themeori.net/barbex/assets/img/features/gallery-3.jpg]
[html.themeori.net/barbex/assets/img/features/gallery-4.jpg]
[html.themeori.net/barbex/assets/img/features/gallery-5.jpg]
[html.themeori.net/barbex/assets/img/features/bg.jpg]
[html.themeori.net/barbex/assets/img/shape/faq.png]
[html.themeori.net/barbex/assets/img/features/instagram-7.jpg]
[html.themeori.net/barbex/assets/img/features/instagram-8.jpg]
[html.themeori.net/barbex/assets/img/features/instagram-9.jpg]
[html.themeori.net/barbex/assets/img/features/instagram-10.jpg]
[html.themeori.net/barbex/assets/img/features/instagram-11.jpg]
[html.themeori.net/barbex/assets/img/features/instagram-12.jpg]
[html.themeori.net/barbex/index-3.html]
[html.themeori.net/barbex/assets/img/bg/page.jpg]
[html.themeori.net/barbex/assets/img/about/about-6.jpg]
[html.themeori.net/barbex/assets/img/avatar/about.jpg]
[html.themeori.net/barbex/assets/img/avatar/signature.png]
[html.themeori.net/barbex/assets/img/about/mission.png]
[html.themeori.net/barbex/about.html]
[html.themeori.net/barbex/assets/img/features/price-1.jpg]
[html.themeori.net/barbex/assets/img/features/price-2.jpg]
[html.themeori.net/barbex/assets/img/features/price-3.jpg]
[html.themeori.net/barbex/assets/img/features/price-4.jpg]
[html.themeori.net/barbex/assets/img/features/price-5.jpg]
[html.themeori.net/barbex/assets/img/features/price-6.jpg]
[html.themeori.net/barbex/price.html]
[html.themeori.net/barbex/assets/img/team-5.jpg]
[html.themeori.net/barbex/assets/img/team-6.jpg]
[html.themeori.net/barbex/team.html]
[html.themeori.net/barbex/assets/img/icon/services-13.png]
[html.themeori.net/barbex/assets/img/icon/services-14.png]
[html.themeori.net/barbex/services.html]
[html.themeori.net/barbex/assets/img/service-details.jpg]
[html.themeori.net/barbex/assets/img/services-details.jpg]
[html.themeori.net/barbex/services-details.html]
[html.themeori.net/barbex/assets/img/products/products-11.jpg]
[html.themeori.net/barbex/assets/img/products/products-8.jpg]
[html.themeori.net/barbex/assets/img/icon/down-arrow.png]
[html.themeori.net/barbex/assets/img/products/products-5.jpg]
[html.themeori.net/barbex/assets/img/products/products-6.jpg]
[html.themeori.net/barbex/assets/img/products/products-7.jpg]
[html.themeori.net/barbex/assets/img/products/products-9.jpg]
[html.themeori.net/barbex/assets/img/products/products-10.jpg]
[html.themeori.net/barbex/assets/img/products/products-12.jpg]
[html.themeori.net/barbex/product-page.html]
[html.themeori.net/barbex/assets/img/products/products-14.jpg]
[html.themeori.net/barbex/assets/img/products/products-15.jpg]
[html.themeori.net/barbex/assets/img/products/products-13.jpg]
[html.themeori.net/barbex/product-details.html]
[html.themeori.net/barbex/cart.html]
[html.themeori.net/barbex/checkout.html]
[html.themeori.net/barbex/assets/img/blog/blog-7.jpg]
[html.themeori.net/barbex/assets/img/blog/blog-12.jpg]
[html.themeori.net/barbex/assets/img/blog/blog-8.jpg]
[html.themeori.net/barbex/assets/img/blog/blog-9.jpg]
[html.themeori.net/barbex/assets/img/blog/blog-10.jpg]
[html.themeori.net/barbex/assets/img/blog/blog-11.jpg]
[html.themeori.net/barbex/blog-grid.html]
[html.themeori.net/barbex/assets/img/blog/blog-13.jpg]
[html.themeori.net/barbex/assets/img/blog/post-1.jpg]
[html.themeori.net/barbex/assets/img/blog/post-2.jpg]
[html.themeori.net/barbex/assets/img/blog/post-3.jpg]
[html.themeori.net/barbex/blog-standard.html]
[html.themeori.net/barbex/assets/img/blog/details-1.jpg]
[html.themeori.net/barbex/assets/img/blog/details-2.jpg]
[html.themeori.net/barbex/assets/img/avatar/author.jpg]
[html.themeori.net/barbex/blog-details.html]
[html.themeori.net/barbex/contact.html]
[html.themeori.net/barbex/assets/js/jquery-3.6.0.min.js]
[html.themeori.net/barbex/assets/js/bootstrap.min.js]
[html.themeori.net/barbex/assets/js/jquery.counterup.min.js]
[html.themeori.net/barbex/assets/js/popper.min.js]
[html.themeori.net/barbex/assets/js/jquery.magnific-popup.min.js]
[html.themeori.net/barbex/assets/js/swiper-bundle.min.js]
[html.themeori.net/barbex/assets/js/jquery.waypoints.min.js]
[html.themeori.net/barbex/assets/js/jquery.meanmenu.min.js]
[html.themeori.net/barbex/assets/js/custom.js]
[html.themeori.net/barbex/assets/webfonts/fa-brands-400.html]
[html.themeori.net/barbex/assets/webfonts/fa-duotone-900.html]
[html.themeori.net/barbex/assets/webfonts/fa-light-300.html]
[html.themeori.net/barbex/assets/webfonts/fa-regular-400.html]
[html.themeori.net/barbex/assets/webfonts/fa-solid-900.html]
